time="2026-09-22T06:39:07Z" level=warning msg="Docker Compose is configured to build using Bake, but buildx isn't installed"
#0 building with "default" instance using docker driver

#1 [iris-b internal] load build definition from Dockerfile
#1 transferring dockerfile: 4.91kB done
#1 DONE 0.0s

#2 [iris-a internal] load build definition from Dockerfile
#2 transferring dockerfile: 4.91kB done
#2 DONE 0.0s

#3 [iris-a internal] load metadata for mcr.microsoft.com/dotnet/aspnet:10.0
#3 DONE 0.0s

#4 [iris-a internal] load metadata for mcr.microsoft.com/dotnet/sdk:10.0
#4 DONE 0.0s

#5 [iris-a internal] load .dockerignore
#5 transferring context: 606B done
#5 DONE 0.0s

#6 [iris-b internal] load .dockerignore
#6 transferring context: 606B done
#6 DONE 0.0s

#7 [iris-a build  1/14] FROM mcr.microsoft.com/dotnet/sdk:10.0@sha256:35d40304542c8689331f8cab17c65926cdf48fe711e289321d71924b230a7d29
#7 resolve mcr.microsoft.com/dotnet/sdk:10.0@sha256:35d40304542c8689331f8cab17c65926cdf48fe711e289321d71924b230a7d29 0.0s done
#7 DONE 0.0s

#8 [iris-b runtime 1/7] FROM mcr.microsoft.com/dotnet/aspnet:10.0@sha256:2d584d8147faddb0d678c5748d47953e5b8e18621ed4fb7049a91381d9d7746f
#8 resolve mcr.microsoft.com/dotnet/aspnet:10.0@sha256:2d584d8147faddb0d678c5748d47953e5b8e18621ed4fb7049a91381d9d7746f 0.0s done
#8 DONE 0.0s

#9 [iris-a internal] load build context
#9 transferring context: 986.61kB 0.0s done
#9 DONE 0.1s

#10 [iris-b internal] load build context
#10 transferring context: 986.61kB 0.0s done
#10 DONE 0.1s

#11 [iris-b build 12/14] RUN dotnet restore apps/Iris.Web/Iris.Web.csproj && dotnet restore apps/Iris.Web.Client/Iris.Web.Client.csproj
#11 CACHED

#12 [iris-a build  5/14] COPY src/Iris.Client/Iris.Client.csproj src/Iris.Client/
#12 CACHED

#13 [iris-a build  9/14] COPY src/Iris.Server.Data/Iris.Server.Data.csproj src/Iris.Server.Data/
#13 CACHED

#14 [iris-a build  2/14] WORKDIR /src
#14 CACHED

#15 [iris-a build  3/14] COPY Directory.Build.props Directory.Packages.props ./
#15 CACHED

#16 [iris-a build 10/14] COPY apps/Iris.Web/Iris.Web.csproj apps/Iris.Web/
#16 CACHED

#17 [iris-a build  4/14] COPY src/Iris.Core/Iris.Core.csproj src/Iris.Core/
#17 CACHED

#18 [iris-a build  7/14] COPY src/Iris.Server/Iris.Server.csproj src/Iris.Server/
#18 CACHED

#19 [iris-a build 11/14] COPY apps/Iris.Web.Client/Iris.Web.Client.csproj apps/Iris.Web.Client/
#19 CACHED

#20 [iris-a build  6/14] COPY src/Iris.Client.Extensions/Iris.Client.Extensions.csproj src/Iris.Client.Extensions/
#20 CACHED

#21 [iris-a build  8/14] COPY src/Iris.Server.InMemory/Iris.Server.InMemory.csproj src/Iris.Server.InMemory/
#21 CACHED

#22 [iris-a build 13/14] COPY . .
#22 DONE 0.4s

#23 [iris-b build 14/14] RUN find src apps -type d ( -name bin -o -name obj ) -prune -exec rm -rf {} + && rm -rf apps/Iris.Web.Client/publish && dotnet build apps/Iris.Web.Client/Iris.Web.Client.csproj -c Release && dotnet publish apps/Iris.Web/Iris.Web.csproj -c Release -o /app/publish /p:UseAppHost=false
#23 0.492   Determining projects to restore...
#23 1.149   Restored /src/src/Iris.Core/Iris.Core.csproj (in 212 ms).
#23 1.149   Restored /src/src/Iris.Client/Iris.Client.csproj (in 212 ms).
#23 1.149   Restored /src/src/Iris.Client.Extensions/Iris.Client.Extensions.csproj (in 212 ms).
#23 1.149   Restored /src/src/Iris.WebCrypto/Iris.WebCrypto.csproj (in 212 ms).
#23 1.292   Restored /src/apps/Iris.Web.Client/Iris.Web.Client.csproj (in 362 ms).
#23 2.468   Iris.Core -> /src/src/Iris.Core/bin/Release/net10.0/Iris.Core.dll
#23 2.620   Iris.WebCrypto -> /src/src/Iris.WebCrypto/bin/Release/net10.0/Iris.WebCrypto.dll
#23 2.812   Iris.Client -> /src/src/Iris.Client/bin/Release/net10.0/Iris.Client.dll
#23 2.984   Iris.Client.Extensions -> /src/src/Iris.Client.Extensions/bin/Release/net10.0/Iris.Client.Extensions.dll
#23 5.805   Iris.Web.Client -> /src/apps/Iris.Web.Client/bin/Release/net10.0/Iris.Web.Client.dll
#23 5.806   Iris.Web.Client (Blazor output) -> /src/apps/Iris.Web.Client/bin/Release/net10.0/wwwroot
#23 5.817 
#23 5.818 Build succeeded.
#23 5.818     0 Warning(s)
#23 5.818     0 Error(s)
#23 5.818 
#23 5.818 Time Elapsed 00:00:05.52
#23 6.132   Determining projects to restore...
#23 6.508   Restored /src/src/Iris.Server/Iris.Server.csproj (in 112 ms).
#23 6.509   Restored /src/src/Iris.Server.InMemory/Iris.Server.InMemory.csproj (in 111 ms).
#23 6.509   Restored /src/apps/Iris.Web/Iris.Web.csproj (in 112 ms).
#23 6.513   Restored /src/src/Iris.Server.Data/Iris.Server.Data.csproj (in 121 ms).
#23 6.515   2 of 6 projects are up-to-date for restore.
#23 6.862   Iris.Core -> /src/src/Iris.Core/bin/Release/net10.0/Iris.Core.dll
#23 6.890   Iris.Client -> /src/src/Iris.Client/bin/Release/net10.0/Iris.Client.dll
#23 8.722   Iris.Server -> /src/src/Iris.Server/bin/Release/net10.0/Iris.Server.dll
#23 8.873   Iris.Server.InMemory -> /src/src/Iris.Server.InMemory/bin/Release/net10.0/Iris.Server.InMemory.dll
#23 8.990   Iris.Server.Data -> /src/src/Iris.Server.Data/bin/Release/net10.0/Iris.Server.Data.dll
#23 10.40   Iris.Web -> /src/apps/Iris.Web/bin/Release/net10.0/Iris.Web.dll
#23 10.50   Iris.Core -> /src/src/Iris.Core/bin/Release/net10.0/Iris.Core.dll
#23 10.54   Iris.WebCrypto -> /src/src/Iris.WebCrypto/bin/Release/net10.0/Iris.WebCrypto.dll
#23 10.54   Iris.Client -> /src/src/Iris.Client/bin/Release/net10.0/Iris.Client.dll
#23 10.60   Iris.Client.Extensions -> /src/src/Iris.Client.Extensions/bin/Release/net10.0/Iris.Client.Extensions.dll
#23 11.02   Iris.Web.Client -> /src/apps/Iris.Web.Client/bin/Release/net10.0/Iris.Web.Client.dll
#23 11.02   Iris.Web.Client (Blazor output) -> /src/apps/Iris.Web.Client/bin/Release/net10.0/wwwroot
#23 11.10   Optimizing assemblies for size may change the behavior of the app. Be sure to test after publishing. See: https://aka.ms/dotnet-illink
#23 11.10   Optimizing assemblies for size. This process might take a while.
#23 23.11   Publishing without optimizations. Although it's optional for Blazor, we strongly recommend using `wasm-tools` workload! You can install it by running `dotnet workload install wasm-tools` from the command line.
#23 23.11   Iris.Web.Client -> /src/apps/Iris.Web.Client/publish/
#23 23.29   Iris.Web -> /app/publish/
#23 DONE 23.4s

#24 [iris-b runtime 2/7] RUN apt-get update     && apt-get install -y --no-install-recommends libgssapi-krb5-2     && rm -rf /var/lib/apt/lists/*
#24 CACHED

#25 [iris-b runtime 3/7] RUN groupadd --gid 1001 iris && useradd --uid 1001 --gid iris --home-dir /home/iris --shell /usr/sbin/nologin iris
#25 CACHED

#26 [iris-b runtime 4/7] WORKDIR /app
#26 CACHED

#24 [iris-a runtime 2/7] RUN apt-get update     && apt-get install -y --no-install-recommends libgssapi-krb5-2     && rm -rf /var/lib/apt/lists/*
#24 CACHED

#25 [iris-a runtime 3/7] RUN groupadd --gid 1001 iris && useradd --uid 1001 --gid iris --home-dir /home/iris --shell /usr/sbin/nologin iris
#25 CACHED

#26 [iris-a runtime 4/7] WORKDIR /app
#26 CACHED

#27 [iris-b runtime 5/7] COPY --from=build /app/publish .
#27 DONE 0.0s

#28 [iris-a runtime 6/7] RUN chown -R iris:iris /app
#28 DONE 0.9s

#29 [iris-a runtime 7/7] RUN printf '#!/bin/sh\nchown -R 1001:1001 /home/iris/.aspnet 2>/dev/null || true\nchown -R 1001:1001 /data/media 2>/dev/null || true\nexec setpriv --reuid=1001 --regid=1001 --clear-groups dotnet Iris.Web.dll\n' > /entrypoint.sh && chmod +x /entrypoint.sh
#29 DONE 0.2s

#30 [iris-b] exporting to image
#30 exporting layers
#30 exporting layers 1.1s done
#30 exporting manifest sha256:42777dced101717dc44d557e107594d9472bc73d72d91aea29b7703a906de98a 0.0s done
#30 exporting config sha256:3db1afb485c39417ecba0bbe3043e8aaed1881ef94fb2c6a7a5c4eb4ae7f86e7 0.0s done
#30 exporting attestation manifest sha256:03f092df108041d01c177786ca5648542c3e1f28832d28e709b1bb4f1a533cec
#30 exporting attestation manifest sha256:03f092df108041d01c177786ca5648542c3e1f28832d28e709b1bb4f1a533cec 0.0s done
#30 exporting manifest list sha256:90278c5271ac6eb3453517a6551aac51cfd1b2d6093201e2c09cd1c78f1cb5cf 0.0s done
#30 naming to docker.io/library/qa-iris-b:latest done
#30 unpacking to docker.io/library/qa-iris-b:latest
#30 unpacking to docker.io/library/qa-iris-b:latest 0.4s done
#30 DONE 1.6s

#31 [iris-a] exporting to image
#31 exporting layers 1.1s done
#31 exporting manifest sha256:572edaf62407b7487d4be6e50bdcd3ec68820f12c13fc8331918fc2f3630d02f 0.0s done
#31 exporting config sha256:984b46b560b8cd3a3cd44a3fe0f07d2972d18b9430a5810ce2f218a59b834ed6 0.0s done
#31 exporting attestation manifest sha256:b80bed3d1e04c55479bf286c1ca5994a10104114985dced984066b58741d2c1a 0.0s done
#31 exporting manifest list sha256:9c43017199835c9e6a7f8f4b1e4dd0d9b7d668d8f52359da6904cff845e410d8 0.0s done
#31 naming to docker.io/library/qa-iris-a:latest done
#31 unpacking to docker.io/library/qa-iris-a:latest 0.4s done
#31 DONE 1.6s

#32 [iris-b] resolving provenance for metadata file
#32 DONE 0.0s

#33 [iris-a] resolving provenance for metadata file
#33 DONE 0.0s
 iris-a  Built
 iris-b  Built
 Container qa-iris-a-db  Running
 Container qa-iris-b-db  Running
 Container qa-iris-a  Creating
 Container qa-iris-b  Creating
 Container qa-iris-b  Error response from daemon: Conflict. The container name "/qa-iris-b" is already in use by container "ee57f5fb2fbbd79061b235a1312d10655b5b0ae0ab3dad7ae1c81be09f0aa70e". You have to remove (or rename) that container to be able to reuse that name.
Error response from daemon: Conflict. The container name "/qa-iris-b" is already in use by container "ee57f5fb2fbbd79061b235a1312d10655b5b0ae0ab3dad7ae1c81be09f0aa70e". You have to remove (or rename) that container to be able to reuse that name.
